// Jest Snapshot v1, https://goo.gl/fbAQLP

exports[`COMPONENT - Overlay renders correctly 1`] = `
.c0 {
  display: -webkit-box;
  display: -webkit-flex;
  display: -ms-flexbox;
  display: flex;
  -webkit-box-pack: center;
  -webkit-justify-content: center;
  -ms-flex-pack: center;
  justify-content: center;
  margin: 3rem;
}

<div
  className="c0"
  data-testid="overlay"
>
  <Text
    bold={true}
  />
</div>
`;
