// Jest Snapshot v1, https://goo.gl/fbAQLP

exports[`COMPONENT - Text renders correctly 1`] = `
.c0 {
  font-size: 1.8rem;
  line-height: 1.4;
  font-weight: 400;
  margin: 0;
  color: #222222;
}

@media (max-width:26.25em) {
  .c0 {
    font-size: 1.4rem;
  }
}

<p
  className="c0"
/>
`;

exports[`COMPONENT - Text renders correctly bold 1`] = `
.c0 {
  font-size: 1.8rem;
  line-height: 1.4;
  font-weight: 400;
  margin: 0;
  color: #222222;
}

@media (max-width:26.25em) {
  .c0 {
    font-size: 1.4rem;
  }
}

<p
  className="c0"
/>
`;
